/home/visiting/TestingSet/NJU2K_TEST/001139_left
/home/visiting/TestingSet/NJU2K_TEST/000114_left
/home/visiting/TestingSet/NJU2K_TEST/001542_left
/home/visiting/TestingSet/NJU2K_TEST/001737_left
/home/visiting/TestingSet/NJU2K_TEST/000474_left
/home/visiting/TestingSet/NJU2K_TEST/001612_left
/home/visiting/TestingSet/NJU2K_TEST/000273_left
/home/visiting/TestingSet/NJU2K_TEST/000358_left
/home/visiting/TestingSet/NJU2K_TEST/000119_left
/home/visiting/TestingSet/NJU2K_TEST/001966_left
/home/visiting/TestingSet/NJU2K_TEST/001651_left
/home/visiting/TestingSet/NJU2K_TEST/000551_left
/home/visiting/TestingSet/NJU2K_TEST/000223_left
/home/visiting/TestingSet/NJU2K_TEST/000043_left
/home/visiting/TestingSet/NJU2K_TEST/000761_left
/home/visiting/TestingSet/NJU2K_TEST/000219_left
/home/visiting/TestingSet/NJU2K_TEST/000876_left
/home/visiting/TestingSet/NJU2K_TEST/000353_left
/home/visiting/TestingSet/NJU2K_TEST/001406_left
/home/visiting/TestingSet/NJU2K_TEST/001887_left
/home/visiting/TestingSet/NJU2K_TEST/000261_left
/home/visiting/TestingSet/NJU2K_TEST/000715_left
/home/visiting/TestingSet/NJU2K_TEST/001336_left
/home/visiting/TestingSet/NJU2K_TEST/001837_left
/home/visiting/TestingSet/NJU2K_TEST/001535_left
/home/visiting/TestingSet/NJU2K_TEST/000694_left
/home/visiting/TestingSet/NJU2K_TEST/000658_left
/home/visiting/TestingSet/NJU2K_TEST/001972_left
/home/visiting/TestingSet/NJU2K_TEST/001293_left
/home/visiting/TestingSet/NJU2K_TEST/001187_left
/home/visiting/TestingSet/NJU2K_TEST/001711_left
/home/visiting/TestingSet/NJU2K_TEST/001890_left
/home/visiting/TestingSet/NJU2K_TEST/001994_left
/home/visiting/TestingSet/NJU2K_TEST/001252_left
/home/visiting/TestingSet/NJU2K_TEST/000680_left
/home/visiting/TestingSet/NJU2K_TEST/001394_left
/home/visiting/TestingSet/NJU2K_TEST/000547_left
/home/visiting/TestingSet/NJU2K_TEST/000636_left
/home/visiting/TestingSet/NJU2K_TEST/001784_left
/home/visiting/TestingSet/NJU2K_TEST/001932_left
/home/visiting/TestingSet/NJU2K_TEST/001902_left
/home/visiting/TestingSet/NJU2K_TEST/000315_left
/home/visiting/TestingSet/NJU2K_TEST/001292_left
/home/visiting/TestingSet/NJU2K_TEST/001367_left
/home/visiting/TestingSet/NJU2K_TEST/000792_left
/home/visiting/TestingSet/NJU2K_TEST/000831_left
/home/visiting/TestingSet/NJU2K_TEST/001814_left
/home/visiting/TestingSet/NJU2K_TEST/000384_left
/home/visiting/TestingSet/NJU2K_TEST/001901_left
/home/visiting/TestingSet/NJU2K_TEST/000905_left
/home/visiting/TestingSet/NJU2K_TEST/000258_left
/home/visiting/TestingSet/NJU2K_TEST/000344_left
/home/visiting/TestingSet/NJU2K_TEST/000642_left
/home/visiting/TestingSet/NJU2K_TEST/000975_left
/home/visiting/TestingSet/NJU2K_TEST/001160_left
/home/visiting/TestingSet/NJU2K_TEST/000571_left
/home/visiting/TestingSet/NJU2K_TEST/000611_left
/home/visiting/TestingSet/NJU2K_TEST/000157_left
/home/visiting/TestingSet/NJU2K_TEST/001736_left
/home/visiting/TestingSet/NJU2K_TEST/000558_left
/home/visiting/TestingSet/NJU2K_TEST/001125_left
/home/visiting/TestingSet/NJU2K_TEST/000196_left
/home/visiting/TestingSet/NJU2K_TEST/000900_left
/home/visiting/TestingSet/NJU2K_TEST/000697_left
/home/visiting/TestingSet/NJU2K_TEST/000594_left
/home/visiting/TestingSet/NJU2K_TEST/001430_left
/home/visiting/TestingSet/NJU2K_TEST/001603_left
/home/visiting/TestingSet/NJU2K_TEST/001077_left
/home/visiting/TestingSet/NJU2K_TEST/001746_left
/home/visiting/TestingSet/NJU2K_TEST/001935_left
/home/visiting/TestingSet/NJU2K_TEST/000771_left
/home/visiting/TestingSet/NJU2K_TEST/000822_left
/home/visiting/TestingSet/NJU2K_TEST/000545_left
/home/visiting/TestingSet/NJU2K_TEST/001141_left
/home/visiting/TestingSet/NJU2K_TEST/000110_left
/home/visiting/TestingSet/NJU2K_TEST/000929_left
/home/visiting/TestingSet/NJU2K_TEST/000251_left
/home/visiting/TestingSet/NJU2K_TEST/000237_left
/home/visiting/TestingSet/NJU2K_TEST/001727_left
/home/visiting/TestingSet/NJU2K_TEST/001753_left
/home/visiting/TestingSet/NJU2K_TEST/000886_left
/home/visiting/TestingSet/NJU2K_TEST/001450_left
/home/visiting/TestingSet/NJU2K_TEST/001562_left
/home/visiting/TestingSet/NJU2K_TEST/000667_left
/home/visiting/TestingSet/NJU2K_TEST/001356_left
/home/visiting/TestingSet/NJU2K_TEST/001650_left
/home/visiting/TestingSet/NJU2K_TEST/001415_left
/home/visiting/TestingSet/NJU2K_TEST/000566_left
/home/visiting/TestingSet/NJU2K_TEST/001068_left
/home/visiting/TestingSet/NJU2K_TEST/001557_left
/home/visiting/TestingSet/NJU2K_TEST/001598_left
/home/visiting/TestingSet/NJU2K_TEST/001721_left
/home/visiting/TestingSet/NJU2K_TEST/000391_left
/home/visiting/TestingSet/NJU2K_TEST/001653_left
/home/visiting/TestingSet/NJU2K_TEST/001912_left
/home/visiting/TestingSet/NJU2K_TEST/001017_left
/home/visiting/TestingSet/NJU2K_TEST/000779_left
/home/visiting/TestingSet/NJU2K_TEST/001548_left
/home/visiting/TestingSet/NJU2K_TEST/001733_left
/home/visiting/TestingSet/NJU2K_TEST/001969_left
/home/visiting/TestingSet/NJU2K_TEST/001145_left
/home/visiting/TestingSet/NJU2K_TEST/000198_left
/home/visiting/TestingSet/NJU2K_TEST/001748_left
/home/visiting/TestingSet/NJU2K_TEST/001647_left
/home/visiting/TestingSet/NJU2K_TEST/000117_left
/home/visiting/TestingSet/NJU2K_TEST/000023_left
/home/visiting/TestingSet/NJU2K_TEST/000316_left
/home/visiting/TestingSet/NJU2K_TEST/000868_left
/home/visiting/TestingSet/NJU2K_TEST/001879_left
/home/visiting/TestingSet/NJU2K_TEST/001105_left
/home/visiting/TestingSet/NJU2K_TEST/001269_left
/home/visiting/TestingSet/NJU2K_TEST/000820_left
/home/visiting/TestingSet/NJU2K_TEST/000991_left
/home/visiting/TestingSet/NJU2K_TEST/001167_left
/home/visiting/TestingSet/NJU2K_TEST/000754_left
/home/visiting/TestingSet/NJU2K_TEST/001564_left
/home/visiting/TestingSet/NJU2K_TEST/002002_left
/home/visiting/TestingSet/NJU2K_TEST/000349_left
/home/visiting/TestingSet/NJU2K_TEST/000631_left
/home/visiting/TestingSet/NJU2K_TEST/000652_left
/home/visiting/TestingSet/NJU2K_TEST/001111_left
/home/visiting/TestingSet/NJU2K_TEST/000586_left
/home/visiting/TestingSet/NJU2K_TEST/001037_left
/home/visiting/TestingSet/NJU2K_TEST/000296_left
/home/visiting/TestingSet/NJU2K_TEST/001682_left
/home/visiting/TestingSet/NJU2K_TEST/000451_left
/home/visiting/TestingSet/NJU2K_TEST/000845_left
/home/visiting/TestingSet/NJU2K_TEST/000090_left
/home/visiting/TestingSet/NJU2K_TEST/001480_left
/home/visiting/TestingSet/NJU2K_TEST/001027_left
/home/visiting/TestingSet/NJU2K_TEST/001900_left
/home/visiting/TestingSet/NJU2K_TEST/001258_left
/home/visiting/TestingSet/NJU2K_TEST/000187_left
/home/visiting/TestingSet/NJU2K_TEST/000027_left
/home/visiting/TestingSet/NJU2K_TEST/000651_left
/home/visiting/TestingSet/NJU2K_TEST/001847_left
/home/visiting/TestingSet/NJU2K_TEST/000410_left
/home/visiting/TestingSet/NJU2K_TEST/000582_left
/home/visiting/TestingSet/NJU2K_TEST/001446_left
/home/visiting/TestingSet/NJU2K_TEST/001775_left
/home/visiting/TestingSet/NJU2K_TEST/000846_left
/home/visiting/TestingSet/NJU2K_TEST/001817_left
/home/visiting/TestingSet/NJU2K_TEST/000356_left
/home/visiting/TestingSet/NJU2K_TEST/000455_left
/home/visiting/TestingSet/NJU2K_TEST/001333_left
/home/visiting/TestingSet/NJU2K_TEST/000819_left
/home/visiting/TestingSet/NJU2K_TEST/001572_left
/home/visiting/TestingSet/NJU2K_TEST/001196_left
/home/visiting/TestingSet/NJU2K_TEST/001583_left
/home/visiting/TestingSet/NJU2K_TEST/000028_left
/home/visiting/TestingSet/NJU2K_TEST/001632_left
/home/visiting/TestingSet/NJU2K_TEST/001816_left
/home/visiting/TestingSet/NJU2K_TEST/001910_left
/home/visiting/TestingSet/NJU2K_TEST/000379_left
/home/visiting/TestingSet/NJU2K_TEST/001952_left
/home/visiting/TestingSet/NJU2K_TEST/000918_left
/home/visiting/TestingSet/NJU2K_TEST/000670_left
/home/visiting/TestingSet/NJU2K_TEST/000132_left
/home/visiting/TestingSet/NJU2K_TEST/000134_left
/home/visiting/TestingSet/NJU2K_TEST/001296_left
/home/visiting/TestingSet/NJU2K_TEST/000802_left
/home/visiting/TestingSet/NJU2K_TEST/000403_left
/home/visiting/TestingSet/NJU2K_TEST/000213_left
/home/visiting/TestingSet/NJU2K_TEST/000848_left
/home/visiting/TestingSet/NJU2K_TEST/001826_left
/home/visiting/TestingSet/NJU2K_TEST/001363_left
/home/visiting/TestingSet/NJU2K_TEST/001906_left
/home/visiting/TestingSet/NJU2K_TEST/000490_left
/home/visiting/TestingSet/NJU2K_TEST/001822_left
/home/visiting/TestingSet/NJU2K_TEST/001352_left
/home/visiting/TestingSet/NJU2K_TEST/000397_left
/home/visiting/TestingSet/NJU2K_TEST/001329_left
/home/visiting/TestingSet/NJU2K_TEST/000320_left
/home/visiting/TestingSet/NJU2K_TEST/001114_left
/home/visiting/TestingSet/NJU2K_TEST/001685_left
/home/visiting/TestingSet/NJU2K_TEST/000749_left
/home/visiting/TestingSet/NJU2K_TEST/001459_left
/home/visiting/TestingSet/NJU2K_TEST/001267_left
/home/visiting/TestingSet/NJU2K_TEST/001977_left
/home/visiting/TestingSet/NJU2K_TEST/001401_left
/home/visiting/TestingSet/NJU2K_TEST/001437_left
/home/visiting/TestingSet/NJU2K_TEST/000958_left
/home/visiting/TestingSet/NJU2K_TEST/001973_left
/home/visiting/TestingSet/NJU2K_TEST/000721_left
/home/visiting/TestingSet/NJU2K_TEST/000645_left
/home/visiting/TestingSet/NJU2K_TEST/000968_left
/home/visiting/TestingSet/NJU2K_TEST/001654_left
/home/visiting/TestingSet/NJU2K_TEST/001519_left
/home/visiting/TestingSet/NJU2K_TEST/001928_left
/home/visiting/TestingSet/NJU2K_TEST/000034_left
/home/visiting/TestingSet/NJU2K_TEST/000624_left
/home/visiting/TestingSet/NJU2K_TEST/001190_left
/home/visiting/TestingSet/NJU2K_TEST/000445_left
/home/visiting/TestingSet/NJU2K_TEST/001940_left
/home/visiting/TestingSet/NJU2K_TEST/000271_left
/home/visiting/TestingSet/NJU2K_TEST/001528_left
/home/visiting/TestingSet/NJU2K_TEST/001080_left
/home/visiting/TestingSet/NJU2K_TEST/000940_left
/home/visiting/TestingSet/NJU2K_TEST/001436_left
/home/visiting/TestingSet/NJU2K_TEST/001591_left
/home/visiting/TestingSet/NJU2K_TEST/001679_left
/home/visiting/TestingSet/NJU2K_TEST/000605_left
/home/visiting/TestingSet/NJU2K_TEST/001839_left
/home/visiting/TestingSet/NJU2K_TEST/000257_left
/home/visiting/TestingSet/NJU2K_TEST/001454_left
/home/visiting/TestingSet/NJU2K_TEST/000824_left
/home/visiting/TestingSet/NJU2K_TEST/001186_left
/home/visiting/TestingSet/NJU2K_TEST/001955_left
/home/visiting/TestingSet/NJU2K_TEST/000469_left
/home/visiting/TestingSet/NJU2K_TEST/001053_left
/home/visiting/TestingSet/NJU2K_TEST/000836_left
/home/visiting/TestingSet/NJU2K_TEST/001151_left
/home/visiting/TestingSet/NJU2K_TEST/001253_left
/home/visiting/TestingSet/NJU2K_TEST/000695_left
/home/visiting/TestingSet/NJU2K_TEST/000122_left
/home/visiting/TestingSet/NJU2K_TEST/000340_left
/home/visiting/TestingSet/NJU2K_TEST/000176_left
/home/visiting/TestingSet/NJU2K_TEST/001588_left
/home/visiting/TestingSet/NJU2K_TEST/001384_left
/home/visiting/TestingSet/NJU2K_TEST/001163_left
/home/visiting/TestingSet/NJU2K_TEST/001301_left
/home/visiting/TestingSet/NJU2K_TEST/000635_left
/home/visiting/TestingSet/NJU2K_TEST/001194_left
/home/visiting/TestingSet/NJU2K_TEST/000781_left
/home/visiting/TestingSet/NJU2K_TEST/000335_left
/home/visiting/TestingSet/NJU2K_TEST/000734_left
/home/visiting/TestingSet/NJU2K_TEST/001485_left
/home/visiting/TestingSet/NJU2K_TEST/001474_left
/home/visiting/TestingSet/NJU2K_TEST/000637_left
/home/visiting/TestingSet/NJU2K_TEST/001170_left
/home/visiting/TestingSet/NJU2K_TEST/000778_left
/home/visiting/TestingSet/NJU2K_TEST/001622_left
/home/visiting/TestingSet/NJU2K_TEST/001400_left
/home/visiting/TestingSet/NJU2K_TEST/001580_left
/home/visiting/TestingSet/NJU2K_TEST/001613_left
/home/visiting/TestingSet/NJU2K_TEST/000430_left
/home/visiting/TestingSet/NJU2K_TEST/000621_left
/home/visiting/TestingSet/NJU2K_TEST/001508_left
/home/visiting/TestingSet/NJU2K_TEST/001452_left
/home/visiting/TestingSet/NJU2K_TEST/000458_left
/home/visiting/TestingSet/NJU2K_TEST/001426_left
/home/visiting/TestingSet/NJU2K_TEST/000492_left
/home/visiting/TestingSet/NJU2K_TEST/001657_left
/home/visiting/TestingSet/NJU2K_TEST/001865_left
/home/visiting/TestingSet/NJU2K_TEST/000912_left
/home/visiting/TestingSet/NJU2K_TEST/000989_left
/home/visiting/TestingSet/NJU2K_TEST/001349_left
/home/visiting/TestingSet/NJU2K_TEST/001071_left
/home/visiting/TestingSet/NJU2K_TEST/000097_left
/home/visiting/TestingSet/NJU2K_TEST/001968_left
/home/visiting/TestingSet/NJU2K_TEST/001433_left
/home/visiting/TestingSet/NJU2K_TEST/001712_left
/home/visiting/TestingSet/NJU2K_TEST/001724_left
/home/visiting/TestingSet/NJU2K_TEST/001766_left
/home/visiting/TestingSet/NJU2K_TEST/001311_left
/home/visiting/TestingSet/NJU2K_TEST/000026_left
/home/visiting/TestingSet/NJU2K_TEST/001526_left
/home/visiting/TestingSet/NJU2K_TEST/000939_left
/home/visiting/TestingSet/NJU2K_TEST/001789_left
/home/visiting/TestingSet/NJU2K_TEST/000156_left
/home/visiting/TestingSet/NJU2K_TEST/000616_left
/home/visiting/TestingSet/NJU2K_TEST/001476_left
/home/visiting/TestingSet/NJU2K_TEST/000911_left
/home/visiting/TestingSet/NJU2K_TEST/001266_left
/home/visiting/TestingSet/NJU2K_TEST/001007_left
/home/visiting/TestingSet/NJU2K_TEST/001503_left
/home/visiting/TestingSet/NJU2K_TEST/000368_left
/home/visiting/TestingSet/NJU2K_TEST/000089_left
/home/visiting/TestingSet/NJU2K_TEST/000364_left
/home/visiting/TestingSet/NJU2K_TEST/001168_left
/home/visiting/TestingSet/NJU2K_TEST/001813_left
/home/visiting/TestingSet/NJU2K_TEST/001399_left
/home/visiting/TestingSet/NJU2K_TEST/001882_left
/home/visiting/TestingSet/NJU2K_TEST/001019_left
/home/visiting/TestingSet/NJU2K_TEST/000620_left
/home/visiting/TestingSet/NJU2K_TEST/000502_left
/home/visiting/TestingSet/NJU2K_TEST/001028_left
/home/visiting/TestingSet/NJU2K_TEST/000377_left
/home/visiting/TestingSet/NJU2K_TEST/001280_left
/home/visiting/TestingSet/NJU2K_TEST/000896_left
/home/visiting/TestingSet/NJU2K_TEST/000239_left
/home/visiting/TestingSet/NJU2K_TEST/000501_left
/home/visiting/TestingSet/NJU2K_TEST/000025_left
/home/visiting/TestingSet/NJU2K_TEST/001908_left
/home/visiting/TestingSet/NJU2K_TEST/001841_left
/home/visiting/TestingSet/NJU2K_TEST/001852_left
/home/visiting/TestingSet/NJU2K_TEST/001897_left
/home/visiting/TestingSet/NJU2K_TEST/000017_left
/home/visiting/TestingSet/NJU2K_TEST/001255_left
/home/visiting/TestingSet/NJU2K_TEST/001569_left
/home/visiting/TestingSet/NJU2K_TEST/001001_left
/home/visiting/TestingSet/NJU2K_TEST/001629_left
/home/visiting/TestingSet/NJU2K_TEST/000949_left
/home/visiting/TestingSet/NJU2K_TEST/001509_left
/home/visiting/TestingSet/NJU2K_TEST/000318_left
/home/visiting/TestingSet/NJU2K_TEST/000959_left
/home/visiting/TestingSet/NJU2K_TEST/000478_left
/home/visiting/TestingSet/NJU2K_TEST/001744_left
/home/visiting/TestingSet/NJU2K_TEST/001717_left
/home/visiting/TestingSet/NJU2K_TEST/000863_left
/home/visiting/TestingSet/NJU2K_TEST/001377_left
/home/visiting/TestingSet/NJU2K_TEST/000486_left
/home/visiting/TestingSet/NJU2K_TEST/001227_left
/home/visiting/TestingSet/NJU2K_TEST/001735_left
/home/visiting/TestingSet/NJU2K_TEST/001388_left
/home/visiting/TestingSet/NJU2K_TEST/001138_left
/home/visiting/TestingSet/NJU2K_TEST/001425_left
/home/visiting/TestingSet/NJU2K_TEST/000452_left
/home/visiting/TestingSet/NJU2K_TEST/000139_left
/home/visiting/TestingSet/NJU2K_TEST/001991_left
/home/visiting/TestingSet/NJU2K_TEST/001628_left
/home/visiting/TestingSet/NJU2K_TEST/001676_left
/home/visiting/TestingSet/NJU2K_TEST/000240_left
/home/visiting/TestingSet/NJU2K_TEST/001985_left
/home/visiting/TestingSet/NJU2K_TEST/001787_left
/home/visiting/TestingSet/NJU2K_TEST/000334_left
/home/visiting/TestingSet/NJU2K_TEST/001840_left
/home/visiting/TestingSet/NJU2K_TEST/000933_left
/home/visiting/TestingSet/NJU2K_TEST/000722_left
/home/visiting/TestingSet/NJU2K_TEST/001078_left
/home/visiting/TestingSet/NJU2K_TEST/001009_left
/home/visiting/TestingSet/NJU2K_TEST/000860_left
/home/visiting/TestingSet/NJU2K_TEST/000428_left
/home/visiting/TestingSet/NJU2K_TEST/001949_left
/home/visiting/TestingSet/NJU2K_TEST/000277_left
/home/visiting/TestingSet/NJU2K_TEST/001342_left
/home/visiting/TestingSet/NJU2K_TEST/001681_left
/home/visiting/TestingSet/NJU2K_TEST/000735_left
/home/visiting/TestingSet/NJU2K_TEST/001046_left
/home/visiting/TestingSet/NJU2K_TEST/000634_left
/home/visiting/TestingSet/NJU2K_TEST/001921_left
/home/visiting/TestingSet/NJU2K_TEST/000703_left
/home/visiting/TestingSet/NJU2K_TEST/001368_left
/home/visiting/TestingSet/NJU2K_TEST/000516_left
/home/visiting/TestingSet/NJU2K_TEST/000795_left
/home/visiting/TestingSet/NJU2K_TEST/001547_left
/home/visiting/TestingSet/NJU2K_TEST/001279_left
/home/visiting/TestingSet/NJU2K_TEST/000448_left
/home/visiting/TestingSet/NJU2K_TEST/000692_left
/home/visiting/TestingSet/NJU2K_TEST/000535_left
/home/visiting/TestingSet/NJU2K_TEST/000643_left
/home/visiting/TestingSet/NJU2K_TEST/001917_left
/home/visiting/TestingSet/NJU2K_TEST/001085_left
/home/visiting/TestingSet/NJU2K_TEST/001691_left
/home/visiting/TestingSet/NJU2K_TEST/000227_left
/home/visiting/TestingSet/NJU2K_TEST/000155_left
/home/visiting/TestingSet/NJU2K_TEST/001857_left
/home/visiting/TestingSet/NJU2K_TEST/001959_left
/home/visiting/TestingSet/NJU2K_TEST/000084_left
/home/visiting/TestingSet/NJU2K_TEST/001997_left
/home/visiting/TestingSet/NJU2K_TEST/000406_left
/home/visiting/TestingSet/NJU2K_TEST/001871_left
/home/visiting/TestingSet/NJU2K_TEST/001992_left
/home/visiting/TestingSet/NJU2K_TEST/001178_left
/home/visiting/TestingSet/NJU2K_TEST/001035_left
/home/visiting/TestingSet/NJU2K_TEST/001731_left
/home/visiting/TestingSet/NJU2K_TEST/001198_left
/home/visiting/TestingSet/NJU2K_TEST/000513_left
/home/visiting/TestingSet/NJU2K_TEST/000592_left
/home/visiting/TestingSet/NJU2K_TEST/000216_left
/home/visiting/TestingSet/NJU2K_TEST/002000_left
/home/visiting/TestingSet/NJU2K_TEST/000476_left
/home/visiting/TestingSet/NJU2K_TEST/001214_left
/home/visiting/TestingSet/NJU2K_TEST/001123_left
/home/visiting/TestingSet/NJU2K_TEST/001462_left
/home/visiting/TestingSet/NJU2K_TEST/000087_left
/home/visiting/TestingSet/NJU2K_TEST/000699_left
/home/visiting/TestingSet/NJU2K_TEST/000542_left
/home/visiting/TestingSet/NJU2K_TEST/001264_left
/home/visiting/TestingSet/NJU2K_TEST/000040_left
/home/visiting/TestingSet/NJU2K_TEST/001300_left
/home/visiting/TestingSet/NJU2K_TEST/000887_left
/home/visiting/TestingSet/NJU2K_TEST/000145_left
/home/visiting/TestingSet/NJU2K_TEST/001522_left
/home/visiting/TestingSet/NJU2K_TEST/000957_left
/home/visiting/TestingSet/NJU2K_TEST/000921_left
/home/visiting/TestingSet/NJU2K_TEST/000360_left
/home/visiting/TestingSet/NJU2K_TEST/000333_left
/home/visiting/TestingSet/NJU2K_TEST/000803_left
/home/visiting/TestingSet/NJU2K_TEST/001337_left
/home/visiting/TestingSet/NJU2K_TEST/001345_left
/home/visiting/TestingSet/NJU2K_TEST/001335_left
/home/visiting/TestingSet/NJU2K_TEST/000534_left
/home/visiting/TestingSet/NJU2K_TEST/000655_left
/home/visiting/TestingSet/NJU2K_TEST/000700_left
/home/visiting/TestingSet/NJU2K_TEST/000215_left
/home/visiting/TestingSet/NJU2K_TEST/000526_left
/home/visiting/TestingSet/NJU2K_TEST/000941_left
/home/visiting/TestingSet/NJU2K_TEST/001005_left
/home/visiting/TestingSet/NJU2K_TEST/001081_left
/home/visiting/TestingSet/NJU2K_TEST/000591_left
/home/visiting/TestingSet/NJU2K_TEST/000008_left
/home/visiting/TestingSet/NJU2K_TEST/001594_left
/home/visiting/TestingSet/NJU2K_TEST/000606_left
/home/visiting/TestingSet/NJU2K_TEST/001891_left
/home/visiting/TestingSet/NJU2K_TEST/001530_left
/home/visiting/TestingSet/NJU2K_TEST/001222_left
/home/visiting/TestingSet/NJU2K_TEST/001250_left
/home/visiting/TestingSet/NJU2K_TEST/000463_left
/home/visiting/TestingSet/NJU2K_TEST/002003_left
/home/visiting/TestingSet/NJU2K_TEST/001604_left
/home/visiting/TestingSet/NJU2K_TEST/001314_left
/home/visiting/TestingSet/NJU2K_TEST/001713_left
/home/visiting/TestingSet/NJU2K_TEST/001842_left
/home/visiting/TestingSet/NJU2K_TEST/000698_left
/home/visiting/TestingSet/NJU2K_TEST/001322_left
/home/visiting/TestingSet/NJU2K_TEST/001121_left
/home/visiting/TestingSet/NJU2K_TEST/000708_left
/home/visiting/TestingSet/NJU2K_TEST/001797_left
/home/visiting/TestingSet/NJU2K_TEST/001225_left
/home/visiting/TestingSet/NJU2K_TEST/001918_left
/home/visiting/TestingSet/NJU2K_TEST/001192_left
/home/visiting/TestingSet/NJU2K_TEST/000339_left
/home/visiting/TestingSet/NJU2K_TEST/001203_left
/home/visiting/TestingSet/NJU2K_TEST/001285_left
/home/visiting/TestingSet/NJU2K_TEST/001795_left
/home/visiting/TestingSet/NJU2K_TEST/001947_left
/home/visiting/TestingSet/NJU2K_TEST/001970_left
/home/visiting/TestingSet/NJU2K_TEST/001582_left
/home/visiting/TestingSet/NJU2K_TEST/000268_left
/home/visiting/TestingSet/NJU2K_TEST/000654_left
/home/visiting/TestingSet/NJU2K_TEST/000733_left
/home/visiting/TestingSet/NJU2K_TEST/000013_left
/home/visiting/TestingSet/NJU2K_TEST/001103_left
/home/visiting/TestingSet/NJU2K_TEST/001064_left
/home/visiting/TestingSet/NJU2K_TEST/000124_left
/home/visiting/TestingSet/NJU2K_TEST/000162_left
/home/visiting/TestingSet/NJU2K_TEST/001710_left
/home/visiting/TestingSet/NJU2K_TEST/001447_left
/home/visiting/TestingSet/NJU2K_TEST/001677_left
/home/visiting/TestingSet/NJU2K_TEST/000450_left
/home/visiting/TestingSet/NJU2K_TEST/000813_left
/home/visiting/TestingSet/NJU2K_TEST/001984_left
/home/visiting/TestingSet/NJU2K_TEST/001330_left
/home/visiting/TestingSet/NJU2K_TEST/000183_left
/home/visiting/TestingSet/NJU2K_TEST/000581_left
/home/visiting/TestingSet/NJU2K_TEST/000425_left
/home/visiting/TestingSet/NJU2K_TEST/000857_left
/home/visiting/TestingSet/NJU2K_TEST/000544_left
/home/visiting/TestingSet/NJU2K_TEST/001465_left
/home/visiting/TestingSet/NJU2K_TEST/001957_left
/home/visiting/TestingSet/NJU2K_TEST/001776_left
/home/visiting/TestingSet/NJU2K_TEST/001040_left
/home/visiting/TestingSet/NJU2K_TEST/001050_left
/home/visiting/TestingSet/NJU2K_TEST/001608_left
/home/visiting/TestingSet/NJU2K_TEST/000111_left
/home/visiting/TestingSet/NJU2K_TEST/000943_left
/home/visiting/TestingSet/NJU2K_TEST/000404_left
/home/visiting/TestingSet/NJU2K_TEST/001709_left
/home/visiting/TestingSet/NJU2K_TEST/001164_left
/home/visiting/TestingSet/NJU2K_TEST/000764_left
/home/visiting/TestingSet/NJU2K_TEST/001440_left
/home/visiting/TestingSet/NJU2K_TEST/001144_left
/home/visiting/TestingSet/NJU2K_TEST/001386_left
/home/visiting/TestingSet/NJU2K_TEST/001655_left
/home/visiting/TestingSet/NJU2K_TEST/002001_left
/home/visiting/TestingSet/NJU2K_TEST/000728_left
/home/visiting/TestingSet/NJU2K_TEST/001359_left
/home/visiting/TestingSet/NJU2K_TEST/001455_left
/home/visiting/TestingSet/NJU2K_TEST/001501_left
/home/visiting/TestingSet/NJU2K_TEST/001294_left
/home/visiting/TestingSet/NJU2K_TEST/000321_left
/home/visiting/TestingSet/NJU2K_TEST/001962_left
/home/visiting/TestingSet/NJU2K_TEST/000498_left
/home/visiting/TestingSet/NJU2K_TEST/000472_left
/home/visiting/TestingSet/NJU2K_TEST/000269_left
/home/visiting/TestingSet/NJU2K_TEST/000987_left
/home/visiting/TestingSet/NJU2K_TEST/000199_left
/home/visiting/TestingSet/NJU2K_TEST/000688_left
/home/visiting/TestingSet/NJU2K_TEST/000382_left
/home/visiting/TestingSet/NJU2K_TEST/001472_left
/home/visiting/TestingSet/NJU2K_TEST/001668_left
/home/visiting/TestingSet/NJU2K_TEST/001843_left
/home/visiting/TestingSet/NJU2K_TEST/001229_left
/home/visiting/TestingSet/NJU2K_TEST/001858_left
/home/visiting/TestingSet/NJU2K_TEST/000396_left
/home/visiting/TestingSet/NJU2K_TEST/001786_left
/home/visiting/TestingSet/NJU2K_TEST/001550_left
/home/visiting/TestingSet/NJU2K_TEST/001211_left
/home/visiting/TestingSet/NJU2K_TEST/000167_left
/home/visiting/TestingSet/NJU2K_TEST/001835_left
/home/visiting/TestingSet/NJU2K_TEST/000709_left
/home/visiting/TestingSet/NJU2K_TEST/001807_left
/home/visiting/TestingSet/NJU2K_TEST/000773_left
/home/visiting/TestingSet/NJU2K_TEST/000790_left
/home/visiting/TestingSet/NJU2K_TEST/000388_left
/home/visiting/TestingSet/NJU2K_TEST/000454_left
/home/visiting/TestingSet/NJU2K_TEST/000766_left
/home/visiting/TestingSet/NJU2K_TEST/001974_left
/home/visiting/TestingSet/NJU2K_TEST/000919_left
/home/visiting/TestingSet/NJU2K_TEST/000853_left
/home/visiting/TestingSet/NJU2K_TEST/001927_left
/home/visiting/TestingSet/NJU2K_TEST/000208_left
/home/visiting/TestingSet/NJU2K_TEST/000100_left
/home/visiting/TestingSet/NJU2K_TEST/001244_left
/home/visiting/TestingSet/NJU2K_TEST/000274_left
/home/visiting/TestingSet/NJU2K_TEST/001376_left
/home/visiting/TestingSet/NJU2K_TEST/000188_left
/home/visiting/TestingSet/NJU2K_TEST/000993_left
/home/visiting/TestingSet/NJU2K_TEST/001091_left
